SNP	GT	MATCHED	UNMATCHED
rs429358	C/C	if	
rs7412	T/T	 ε1/ε1: the rare missing allele	
rs7412	*/*	 ε4/ε4: ~11x increased Alzheimer's risk	
rs7412	C/C	 ε4/ε4: ~11x increased Alzheimer's risk	
rs7412	C/T	 ε1/ε4	
rs7412	T/*	 ε1/ε4	
rs429358	C/T	if	
rs7412	T/T	 ε1/ε2	
rs7412	*/*	 ε3/ε4	
rs7412	C/C	 ε3/ε4	
rs7412	C/T	 ε2/ε4 or ε1/ε3	
rs7412	T/*	 ε2/ε4 or ε1/ε3	
rs429358	T/T	if	
rs7412	T/T	 ε2/ε2: lowest risk	
rs7412	C/C	 ε3/ε3: the most common	
rs7412	*/*	 ε3/ε3: the most common	
rs7412	C/T	 ε2/ε3	
rs7412	T/*	 ε2/ε3	
rs7412	C/C	 ε2/ε2: lowest risk	
